[theearth.ngo/photo-gallery.html]
[backblue.gif]
[fade.gif]
[index.html]
[theearth.ngo/public/uploads/logo/Earth Logo TM.png]
[theearth.ngo/public/web/assets/css/font-awesome-all.css]
[theearth.ngo/public/web/assets/css/flaticon.css]
[theearth.ngo/public/web/assets/css/owl.css]
[theearth.ngo/public/web/assets/css/swiper.min.css]
[theearth.ngo/public/web/assets/css/bootstrap.css]
[theearth.ngo/public/web/assets/css/jquery.fancybox.min.css]
[theearth.ngo/public/web/assets/css/animate.css]
[theearth.ngo/public/web/assets/css/jquery.bootstrap-touchspin.css]
[theearth.ngo/public/web/assets/css/color.css]
[theearth.ngo/public/web/assets/css/responsive.css]
[theearth.ngo/public/web/assets/css/style.css]
[theearth.ngo/public/web/assets/css/required.css]
[cdnjs.cloudflare.com/ajax/libs/font-awesome/4.7.0/css/font-awesome.min.css]
[theearth.ngo/assets/images/shape/shape-1.png]
[theearth.ngo/public/newicon.gif]
[theearth.ngo/index.html]
[theearth.ngo/donate.html]
[theearth.ngo/login.html]
[theearth.ngo/register.html]
[theearth.ngo/about-us/about.html]
[theearth.ngo/our-team.html]
[theearth.ngo/linkage-authorization.html]
[theearth.ngo/faqs.html]
[theearth.ngo/works/SDG -5.html]
[theearth.ngo/works/SDG -11.html]
[theearth.ngo/works/SDG -13.html]
[theearth.ngo/works/SDG -16.html]
[theearth.ngo/our-campaigns/35.html]
[theearth.ngo/our-campaigns/36.html]
[theearth.ngo/our-campaigns/37.html]
[theearth.ngo/our-campaigns/38.html]
[theearth.ngo/join-us.html]
[theearth.ngo/member/verification.html]
[theearth.ngo/volunteer/form.html]
[theearth.ngo/volunteer/verification.html]
[theearth.ngo/Internship/form.html]
[theearth.ngo/Intern/verification.html]
[theearth.ngo/Intern/Certificate.html]
[theearth.ngo/event.html]
[theearth.ngo/past-event.html]
[theearth.ngo/our/achievement.html]
[theearth.ngo/our/stories.html]
[theearth.ngo/news.html]
[theearth.ngo/press-release.html]
[theearth.ngo/job.html]
[theearth.ngo/our/blog.html]
[theearth.ngo/videos.html]
[theearth.ngo/contact.html]
[theearth.ngo/public/uploads/bg/1533890763_HPGioEHCMqHTwbAhQUez_15338907632542_websites_2018_08_25_3cf001c3-0382-956d-565b-7ae36561f653.jpg]
[theearth.ngo/public/uploads/gallery/image/1293079130.jpg]
[theearth.ngo/public/uploads/gallery/image/1455023014.jpg]
[theearth.ngo/public/uploads/gallery/image/40422768.jpg]
[theearth.ngo/public/uploads/gallery/image/1190420505.jpg]
[theearth.ngo/public/uploads/gallery/image/415536078.jpg]
[theearth.ngo/public/uploads/gallery/image/1804423506.jpg]
[theearth.ngo/public/uploads/gallery/image/1824169589.jpg]
[theearth.ngo/public/uploads/gallery/image/2003271605.jpg]
[theearth.ngo/public/uploads/gallery/image/301329228.jpg]
[theearth.ngo/public/uploads/gallery/image/1460321400.jpg]
[theearth.ngo/public/uploads/gallery/image/1042074825.jpg]
[theearth.ngo/our/links/privacy-and-policy.html]
[theearth.ngo/our/links/term-conditions.html]
[theearth.ngo/our/links/refund-cancellation.html]
[theearth.ngo/public/web/assets/js/jquery.js]
[theearth.ngo/public/web/assets/js/popper.min.js]
[theearth.ngo/public/web/assets/js/bootstrap.min.js]
[theearth.ngo/public/web/assets/js/owl.js]
[theearth.ngo/public/web/assets/js/swiper.min.js]
[theearth.ngo/public/web/assets/js/wow.js]
[theearth.ngo/public/web/assets/js/validation.js]
[theearth.ngo/public/web/assets/js/jquery.fancybox.js]
[theearth.ngo/public/web/assets/js/appear.js]
[theearth.ngo/public/web/assets/js/scrollbar.js]
[theearth.ngo/public/web/assets/js/isotope.js]
[theearth.ngo/public/web/assets/js/nav-tool.js]
[theearth.ngo/public/web/assets/js/jquery.bootstrap-touchspin.js]
[theearth.ngo/public/web/assets/js/countdown.js]
[theearth.ngo/public/web/assets/js/plugins.js]
[theearth.ngo/public/web/assets/js/text_animation.js]
[theearth.ngo/public/web/assets/js/script.js]
[theearth.ngo/public/assets/plugins/sweetalert/sweetalert.min.js]
[theearth.ngo/public/assets/plugins/sweetalert/ac-alert.js]
[theearth.ngo/photo-gallery.html]
[theearth.ngo/public/assets/plugins/tinymce/tinymce.min.js]
[theearth.ngo/public/web/assets/fonts/fa-brands-400.eot]
[theearth.ngo/public/web/assets/fonts/fa-brands-400d41dd41d.eot]
[theearth.ngo/public/web/assets/fonts/fa-brands-400.woff2]
[theearth.ngo/public/web/assets/fonts/fa-brands-400.woff]
[theearth.ngo/public/web/assets/fonts/fa-brands-400.ttf]
[theearth.ngo/public/web/assets/fonts/fa-brands-400.html]
[theearth.ngo/public/web/assets/fonts/fa-light-300.html]
[theearth.ngo/public/web/assets/fonts/fa-light-300d41dd41d.html]
[theearth.ngo/public/web/assets/fonts/fa-light-300.woff2]
[theearth.ngo/public/web/assets/fonts/fa-light-300.woff]
[theearth.ngo/public/web/assets/fonts/fa-light-301.html]
[theearth.ngo/public/web/assets/fonts/fa-light-302.html]
[theearth.ngo/public/web/assets/fonts/fa-regular-400.eot]
[theearth.ngo/public/web/assets/fonts/fa-regular-400d41dd41d.eot]
[theearth.ngo/public/web/assets/fonts/fa-regular-400.woff2]
[theearth.ngo/public/web/assets/fonts/fa-regular-400.woff]
[theearth.ngo/public/web/assets/fonts/fa-regular-400.html]
[theearth.ngo/public/web/assets/fonts/fa-regular-401.html]
[theearth.ngo/public/web/assets/fonts/fa-solid-900.html]
[theearth.ngo/public/web/assets/fonts/fa-solid-900d41dd41d.html]
[theearth.ngo/public/web/assets/fonts/fa-solid-900.woff2]
[theearth.ngo/public/web/assets/fonts/fa-solid-900.woff]
[theearth.ngo/public/web/assets/fonts/fa-solid-901.html]
[theearth.ngo/public/web/assets/fonts/fa-solid-902.html]
[theearth.ngo/public/web/assets/css/font-awesome-all.css]
[theearth.ngo/public/web/assets/fonts/icomoon559f559f.eot]
[theearth.ngo/public/web/assets/fonts/icomoon559f559f.ttf]
[theearth.ngo/public/web/assets/fonts/icomoon559f559f.woff]
[theearth.ngo/public/web/assets/css/flaticon.css]
[theearth.ngo/public/web/assets/fonts/icomoon559f559f.svg]
[theearth.ngo/public/web/assets/css/owl.video.play.html]
[theearth.ngo/public/web/assets/css/owl.css]
[theearth.ngo/public/web/assets/css/swiper.min.css]
[theearth.ngo/public/web/assets/css/bootstrap.css]
[theearth.ngo/public/web/assets/css/jquery.fancybox.min.css]
[theearth.ngo/public/web/assets/css/animate.css]
[theearth.ngo/public/web/assets/css/jquery.bootstrap-touchspin.css]
[theearth.ngo/public/web/assets/css/color.css]
[theearth.ngo/public/web/assets/images/shape/shape-23.png]
[theearth.ngo/public/web/assets/images/icons/divider-1.png]
[theearth.ngo/public/web/assets/images/shape/shape-4.png]
[theearth.ngo/public/web/assets/images/shape/shape-2.png]
[theearth.ngo/public/web/assets/images/shape/shape-3.png]
[theearth.ngo/public/web/assets/images/icons/cross-out.png]
[theearth.ngo/public/web/assets/images/shape/shape-9.png]
[theearth.ngo/public/web/assets/images/icons/divider-2.png]
[theearth.ngo/public/web/assets/images/shape/shape-19.png]
[theearth.ngo/public/web/assets/images/shape/shape-22.png]
[theearth.ngo/public/web/assets/images/shape/shape-25.png]
[theearth.ngo/public/web/assets/images/shape/shape-26.png]
[theearth.ngo/public/web/assets/images/shape/shape-27.png]
[theearth.ngo/public/web/assets/images/shape/shape-28.png]
[theearth.ngo/public/web/assets/images/shape/shape-29.png]
[theearth.ngo/public/web/assets/images/icons/divider-3.png]
[theearth.ngo/public/web/assets/images/shape/shape-35.png]
[theearth.ngo/public/web/assets/images/shape/shape-40.png]
[theearth.ngo/public/web/assets/images/shape/shape-41.png]
[theearth.ngo/public/web/assets/images/shape/shape-42.png]
[theearth.ngo/public/web/assets/images/shape/shape-43.png]
[theearth.ngo/public/web/assets/images/shape/shape-44.png]
[theearth.ngo/public/web/assets/images/shape/shape-45.png]
[theearth.ngo/public/web/assets/images/shape/shape-46.png]
[theearth.ngo/public/web/assets/images/shape/shape-47.png]
[theearth.ngo/public/web/assets/css/style.css]
[theearth.ngo/public/web/assets/css/responsive.css]
[theearth.ngo/public/web/assets/css/required.css]
[cdnjs.cloudflare.com/ajax/libs/font-awesome/4.7.0/css/font-awesome.min.css]
[theearth.ngo/assets/images/shape/shape-1.html]
[theearth.ngo/public/uploads/banner/nikhil-ramakant-tanawade-owner-of-ngo-future-guide-for-kids.jpg]
[theearth.ngo/public/uploads/banner/NGO.jpg]
[theearth.ngo/public/uploads/banner/istockphoto-870402320-612x612.jpg]
[theearth.ngo/public/uploads/banner/10-cancer-care-NGOs-in-India-helping-the-poor-banner.jpg]
[theearth.ngo/public/web/assets/images/shape/shape-5.png]
[theearth.ngo/public/uploads/about/cover-1543465861.jpg]
[theearth.ngo/public/web/assets/images/bg/volunteer.jpg]
[theearth.ngo/public/web/assets/images/shape/shape-32.png]
[theearth.ngo/public/web/assets/images/bg/member.webp]
[theearth.ngo/public/web/assets/images/bg/internship.jpg]
[theearth.ngo/public/web/assets/images/shape/shape-33.png]
[theearth.ngo/public/web/assets/images/shape/shape-34.png]
[theearth.ngo/public/web/assets/images/icons/heart-6.png]
[theearth.ngo/public/uploads/review/download (1).jpg]
[theearth.ngo/public/uploads/review/Mr.-Tayyab-255x255.jpg]
[theearth.ngo/public/uploads/review/sandhya1-255x255.jpg]
[theearth.ngo/public/uploads/event/IMG-20201004-WA0100.webp]
[theearth.ngo/event_detail/Know how to Raise Funds through Social media.html]
[theearth.ngo/public/uploads/event/nanhi_kashtiyan_5_bvy2re_1591898307.jpg]
[theearth.ngo/event_detail/Introducing  Kitchen in Silvassa.html]
[theearth.ngo/public/uploads/bg/site-footer-bg.jpg]
[theearth.ngo/public/uploads/counter/washing-clothes.png]
[theearth.ngo/public/uploads/counter/2.png]
[theearth.ngo/public/uploads/counter/3.png]
[theearth.ngo/public/uploads/counter/4.png]
[theearth.ngo/public/uploads/blog/Educating-children-in-India.jpg]
[theearth.ngo/blog-detail/Intern Experience_ Shradha K Sikaria]
[theearth.ngo/public/uploads/blog/pahal-pic2.webp]
[theearth.ngo/blog-detail/SHUDDHI]
[theearth.ngo/public/uploads/blog/nanhi_kashtiyan_3_jxutfa_1591898535.jpg]
[theearth.ngo/blog-detail/POVERTY AND INEQUALITY IN INDIA]
[theearth.ngo/public/uploads/client/brand-1-6.png]
[theearth.ngo/public/uploads/client/brand-1-3.png]
[theearth.ngo/public/uploads/client/brand-1-4.png]
[theearth.ngo/public/uploads/client/HFH-Malawi.png]
[theearth.ngo/public/uploads/client/Saint-Gobain-Logo.png]
[theearth.ngo/public/uploads/client/brand-1-1.png]
[theearth.ngo/public/uploads/client/brand-1-2.png]
[theearth.ngo/index.html]
[theearth.ngo/assets/images/shape/shape-37.png]
[theearth.ngo/public/uploads/qr_code/Untitled design (14).png]
[theearth.ngo/donate.html]
[theearth.ngo/password/reset.html]
[ajax.googleapis.com/ajax/libs/jquery/3.3.1/jquery.min.js]
[theearth.ngo/login.html]
[theearth.ngo/register.html]
[theearth.ngo/about-us/assets/images/shape/shape-1.png]
[theearth.ngo/about-us/public/web/assets/images/background/13.jpg]
[theearth.ngo/public/uploads/about/0.25794500_1645773147_istock-870402320.jpg]
[theearth.ngo/about-us/about.html]
[theearth.ngo/assets/images/shape/shape-23.png]
[theearth.ngo/team/dr-rajendra-kumar.html]
[theearth.ngo/public/uploads/about/team/1635492893281.jpg]
[theearth.ngo/team/ajay-kumar.html]
[theearth.ngo/public/uploads/about/team/1675142618986.jpg]
[theearth.ngo/our-team.html]
[theearth.ngo/public/uploads/auth/1660449573.jpg]
[theearth.ngo/public/uploads/auth/1660449205.png]
[theearth.ngo/public/uploads/auth/1660449168.png]
[theearth.ngo/linkage-authorization.html]
[theearth.ngo/public/web/assets/images/resource/faq-1.png]
[theearth.ngo/faqs.html]
[theearth.ngo/works/assets/images/shape/shape-1.png]
[theearth.ngo/work-detail/Come read and buy the books the people loved..html]
[theearth.ngo/public/uploads/category/subCat/about-three-img (1).jpg]
[theearth.ngo/work-detail/Summer Challenge.html]
[theearth.ngo/public/uploads/category/subCat/2055184396.jpg]
[theearth.ngo/work-detail/Skating is surreal, it helps in building self-esteem in children.html]
[theearth.ngo/public/uploads/category/subCat/ImpactEdu-Kohlapur-1.jpg]
[theearth.ngo/work-detail/Community hall for village children to attend tuition classes.html]
[theearth.ngo/public/uploads/category/subCat/1740474433.jpg]
[theearth.ngo/works/SDG -5.html]
[theearth.ngo/works/SDG -11.html]
[theearth.ngo/works/SDG -13.html]
[theearth.ngo/works/SDG -16.html]
[theearth.ngo/our-campaigns/assets/images/shape/shape-1.png]
[theearth.ngo/our-campaigns/35.html]
[theearth.ngo/our-campaigns/36.html]
[theearth.ngo/our-campaigns/37.html]
[theearth.ngo/our-campaigns/38.html]
[theearth.ngo/join-us.html]
[theearth.ngo/member/assets/images/shape/shape-1.png]
[theearth.ngo/member/verification.html]
[theearth.ngo/volunteer/assets/images/shape/shape-1.png]
[theearth.ngo/volunteer/form.html]
[theearth.ngo/public/web/assets/js/custom.js]
[theearth.ngo/volunteer/verification.html]
[theearth.ngo/Internship/assets/images/shape/shape-1.png]
[theearth.ngo/Internship/form.html]
[theearth.ngo/Intern/assets/images/shape/shape-1.png]
[theearth.ngo/public/web/assets/images/icons/heart-8.png]
[theearth.ngo/public/web/assets/images/icons/heart-9.png]
[theearth.ngo/Intern/verification.html]
[theearth.ngo/Intern/Certificate.html]
[theearth.ngo/event.html]
[theearth.ngo/assets/images/shape/shape-20.png]
[theearth.ngo/past-event.html]
[theearth.ngo/our/assets/images/shape/shape-1.png]
[theearth.ngo/public/uploads/hightlight/03.jpg]
[theearth.ngo/our/achievement.html]
[theearth.ngo/public/uploads/hightlight/slide-v2-1.jpg]
[theearth.ngo/our/stories.html]
[theearth.ngo/public/uploads/media/COVID_Warriors_Pune_NGO_Spherule_Foundation_Distributes_Ration_And_Hygiene_Kit_650.jpg]
[theearth.ngo/news/detail/Special reference on DAC by The High Court of Kerala.html]
[theearth.ngo/public/uploads/media/660x330-CINI1.jpg]
[theearth.ngo/news/detail/Honorable President of India visits Akshaya Patra’s Vrindavan Kitchen.html]
[theearth.ngo/public/uploads/media/COVID_Warrior_Pune_NGO_Spherule_Foundation_Distributes_Ration_And_Hygiene_Kit_650.jpg]
[theearth.ngo/news/detail/Inauguration Ceremony.html]
[theearth.ngo/news.html]
[theearth.ngo/press-release.html]
[theearth.ngo/job.html]
[theearth.ngo/our/blog.html]
[theearth.ngo/videos.html]
[theearth.ngo/contact.html]
[theearth.ngo/our/links/assets/images/shape/shape-1.png]
[theearth.ngo/our/links/privacy-and-policy.html]
[theearth.ngo/our/links/term-conditions.html]
[theearth.ngo/our/links/refund-cancellation.html]
[theearth.ngo/public/web/assets/js/jquery.js]
[theearth.ngo/public/web/assets/js/popper.min.js]
[theearth.ngo/popper.js]
[theearth.ngo/public/web/assets/js/bootstrap.min.js]
[theearth.ngo/public/web/assets/js/owl.js]
[theearth.ngo/public/web/assets/js/swiper.min.js]
[theearth.ngo/public/web/assets/js/wow.js]
[theearth.ngo/public/web/assets/js/validation.js]
[theearth.ngo/public/web/assets/js/jquery.fancybox.js]
[theearth.ngo/public/web/assets/js/appear.js]
[theearth.ngo/cdnjs.cloudflare.com/ajax/libs/jquery-mousewheel/3.1.12/jquery.mousewheel.min.dd.delayed]
[theearth.ngo/public/web/assets/js/scrollbar.js]
[theearth.ngo/public/web/assets/js/isotope.js]
[theearth.ngo/public/web/assets/js/nav-tool.js]
[theearth.ngo/public/web/assets/js/jquery.bootstrap-touchspin.js]
[theearth.ngo/public/web/assets/js/countdown.js]
[theearth.ngo/public/web/assets/js/plugins.js]
[theearth.ngo/public/web/assets/js/text_animation.js]
[theearth.ngo/public/web/assets/js/script.js]
[theearth.ngo/public/assets/plugins/sweetalert/sweetalert.min.js]
[theearth.ngo/public/assets/plugins/sweetalert/ac-alert.js]
[theearth.ngo/GET]
[theearth.ngo/public/assets/plugins/tinymce/tinymce.min.js]
[theearth.ngo/public/web/assets/fonts/fa-brands-400.html]
[theearth.ngo/public/web/assets/fonts/fa-light-300.html]
[theearth.ngo/public/web/assets/fonts/fa-light-300d41dd41d.html]
[theearth.ngo/public/web/assets/fonts/fa-light-301.html]
[theearth.ngo/public/web/assets/fonts/fa-light-302.html]
[theearth.ngo/public/web/assets/fonts/fa-regular-400.html]
[theearth.ngo/public/web/assets/fonts/fa-regular-401.html]
[theearth.ngo/public/web/assets/fonts/fa-solid-900.html]
[theearth.ngo/public/web/assets/fonts/fa-solid-900d41dd41d.html]
[theearth.ngo/public/web/assets/fonts/fa-solid-901.html]
[theearth.ngo/public/web/assets/fonts/fa-solid-902.html]
[theearth.ngo/public/web/assets/fonts/icomoon559f559f.svg]
[theearth.ngo/public/web/assets/css/owl.video.play.html]
[theearth.ngo/event_detail/assets/images/shape/shape-1.png]
[theearth.ngo/event_detail/Know how to Raise Funds through Social media.html]
[theearth.ngo/event_detail/Introducing  Kitchen in Silvassa.html]
[theearth.ngo/blog-detail/Intern Experience_ Shradha K Sikaria.html]
[theearth.ngo/assets/images/shape/shape-37.html]
[theearth.ngo/blog-detail/SHUDDHI.html]
[theearth.ngo/blog-detail/POVERTY AND INEQUALITY IN INDIA.html]
[theearth.ngo/password/assets/images/shape/shape-1.e1.delayed]
[theearth.ngo/password/reset.html]
[theearth.ngo/about-us/assets/images/shape/shape-1.html]
[theearth.ngo/about-us/public/web/assets/images/background/13.html]
[theearth.ngo/assets/images/shape/shape-23.html]
[theearth.ngo/team/assets/images/shape/shape-1.png]
[theearth.ngo/team/public/web/assets/images/shapes/sidebar-shape-1.png]
[theearth.ngo/team/dr-rajendra-kumar.html]
[theearth.ngo/team/ajay-kumar.html]
[theearth.ngo/works/assets/images/shape/shape-1.html]
[theearth.ngo/work-detail/assets/images/shape/shape-1.png]
[theearth.ngo/news/detail/Summer Challenge.html]
[theearth.ngo/news/detail/Skating is surreal, it helps in building self-esteem in children.html]
[theearth.ngo/work-detail/Come read and buy the books the people loved..html]
[theearth.ngo/news/detail/Community hall for village children to attend tuition classes.html]
[theearth.ngo/work-detail/Summer Challenge.html]
[theearth.ngo/news/detail/Come read and buy the books the people loved..html]
[theearth.ngo/work-detail/Skating is surreal, it helps in building self-esteem in children.html]
[theearth.ngo/work-detail/Community hall for village children to attend tuition classes.html]
[theearth.ngo/our-campaigns/assets/images/shape/shape-1.html]
[theearth.ngo/member/assets/images/shape/shape-1.html]
[theearth.ngo/volunteer/assets/images/shape/shape-1.html]
[theearth.ngo/public/web/assets/js/custom.html]
[theearth.ngo/Internship/assets/images/shape/shape-1.html]
[theearth.ngo/Intern/assets/images/shape/shape-1.html]
[theearth.ngo/assets/images/shape/shape-20.html]
[theearth.ngo/our/assets/images/shape/shape-1.html]
[theearth.ngo/news/detail/assets/images/shape/shape-1.png]
[theearth.ngo/news/detail/Special reference on DAC by The High Court of Kerala.html]
[theearth.ngo/news/detail/Honorable President of India visits Akshaya Patra’s Vrindavan Kitchen.html]
[theearth.ngo/news/detail/Inauguration Ceremony.html]
[theearth.ngo/our/links/assets/images/shape/shape-1.html]
[theearth.ngo/popper.html]
[theearth.ngo/Version]
[theearth.ngo/Version/index.html]
[theearth.ngo/version]
[theearth.ngo/version/index-2.html]
[theearth.ngo/cdnjs.cloudflare.com/ajax/libs/jquery-mousewheel/3.1.12/jquery.mousewheel.min.html]
[theearth.ngo/Trident]
[theearth.ngo/Trident/index.html]
[theearth.ngo/Edge]
[theearth.ngo/Edge/index.html]
[theearth.ngo/edge]
[theearth.ngo/edge/index-2.html]
[theearth.ngo/mobile]
[theearth.ngo/mobile/index.html]
[theearth.ngo/GET.html]
[theearth.ngo/TinyMCE does not support the browser you are using. For a list of supported browsers please see_ https_/www.tinymce.com/docs/get-started/system-requirements]
[theearth.ngo/TinyMCE does not support the browser you are using. For a list of supported browsers please see_ https_/www.tinymce.com/docs/get-started/system-requirements/index.html]
[theearth.ngo/event_detail/assets/images/shape/shape-1.html]
[theearth.ngo/public/uploads/event/image/index.html]
[theearth.ngo/password/assets/images/shape/shape-1.html]
[theearth.ngo/team/assets/images/shape/shape-1.html]
[theearth.ngo/team/public/web/assets/images/shapes/sidebar-shape-1.html]
[theearth.ngo/work-detail/assets/images/shape/shape-1.html]
[theearth.ngo/blog-detail/Intern Experience_ Shradha K Sikaria.html]
[theearth.ngo/blog-detail/POVERTY AND INEQUALITY IN INDIA.html]
[theearth.ngo/blog-detail/SHUDDHI.html]
[theearth.ngo/news/detail/Summer Challenge.html]
[theearth.ngo/news/detail/Skating is surreal, it helps in building self-esteem in children.html]
[theearth.ngo/news/detail/Community hall for village children to attend tuition classes.html]
[theearth.ngo/news/detail/Come read and buy the books the people loved..html]
[theearth.ngo/news/detail/assets/images/shape/shape-1.html]
[theearth.ngo/Version.html]
[theearth.ngo/version-2.html]
[theearth.ngo/Trident.html]
[theearth.ngo/Edge.html]
[theearth.ngo/edge-2.html]
[theearth.ngo/mobile.html]
[theearth.ngo/TinyMCE does not support the browser you are using. For a list of supported browsers please see_ https_/www.tinymce.com/docs/get-started/system-requirements.html]
[theearth.ngo/blog-detail/Intern Experience_ Shradha K Sikaria.html]
[theearth.ngo/blog-detail/SHUDDHI.html]
[theearth.ngo/blog-detail/POVERTY AND INEQUALITY IN INDIA.html]
[theearth.ngo/public/uploads/media/index.html]
